******************************************************************************
            TI ARM Clang Linker PC v4.0.2                      
******************************************************************************
>> Linked Mon Apr 14 12:31:35 2025

OUTPUT FILE NAME:   <empty_PRO_LP_MSPM0G3507_nortos_ticlang.out>
ENTRY POINT SYMBOL: "_c_int00_noinit_noargs"  address: 000000c1


MEMORY CONFIGURATION

         name            origin    length      used     unused   attr    fill
----------------------  --------  ---------  --------  --------  ----  --------
  FLASH                 00000000   00020000  00000100  0001ff00  R  X
  SRAM                  20200000   00008000  00000200  00007e00  RW X
  BCR_CONFIG            41c00000   000000ff  00000000  000000ff  R   
  BSL_CONFIG            41c00100   00000080  00000000  00000080  R   


SEGMENT ALLOCATION MAP

run origin  load origin   length   init length attrs members
----------  ----------- ---------- ----------- ----- -------
00000000    00000000    00000100   00000100    r-x
  00000000    00000000    000000c0   000000c0    r-- .intvecs
  000000c0    000000c0    00000040   00000040    r-x .text
20207e00    20207e00    00000200   00000000    rw-
  20207e00    20207e00    00000200   00000000    rw- .stack


SECTION ALLOCATION MAP

 output                                  attributes/
section   page    origin      length       input sections
--------  ----  ----------  ----------   ----------------
.intvecs   0    00000000    000000c0     
                  00000000    000000c0     startup_mspm0g350x_ticlang.o (.intvecs)

.text      0    000000c0    00000040     
                  000000c0    00000020     libc.a : boot_cortex_m.c.obj (.text:_c_int00_noinit_noargs)
                  000000e0    0000000a     empty.o (.text.main)
                  000000ea    00000006     libc.a : exit.c.obj (.text:abort)
                  000000f0    00000004     startup_mspm0g350x_ticlang.o (.text.Default_Handler)
                  000000f4    00000004     libsysbm.a : hostexit.c.obj (.text.HOSTexit)
                  000000f8    00000004     startup_mspm0g350x_ticlang.o (.text.Reset_Handler)
                  000000fc    00000004     libc.a : pre_init.c.obj (.text._system_pre_init)

.cinit     0    00000000    00000000     

.init_array 
*          0    00000000    00000000     UNINITIALIZED

.binit     0    00000000    00000000     

.stack     0    20207e00    00000200     UNINITIALIZED
                  20207e00    00000004     libc.a : boot_cortex_m.c.obj (.stack)
                  20207e04    000001fc     --HOLE--

__llvm_prf_cnts 
*          0    20200000    00000000     UNINITIALIZED

__llvm_prf_bits 
*          0    20200000    00000000     UNINITIALIZED

MODULE SUMMARY

       Module                         code   ro data   rw data
       ------                         ----   -------   -------
    .\
       startup_mspm0g350x_ticlang.o   8      192       0      
       empty.o                        10     0         0      
    +--+------------------------------+------+---------+---------+
       Total:                         18     192       0      
                                                              
    C:\ti\ccs2010\ccs\tools\compiler\ti-cgt-armllvm_4.0.2.LTS\lib\armv6m-ti-none-eabi/c/libc.a
       boot_cortex_m.c.obj            32     0         0      
       exit.c.obj                     6      0         0      
       pre_init.c.obj                 4      0         0      
    +--+------------------------------+------+---------+---------+
       Total:                         42     0         0      
                                                              
    C:\ti\ccs2010\ccs\tools\compiler\ti-cgt-armllvm_4.0.2.LTS\lib\armv6m-ti-none-eabi/c/libsysbm.a
       hostexit.c.obj                 4      0         0      
    +--+------------------------------+------+---------+---------+
       Total:                         4      0         0      
                                                              
       Stack:                         0      0         512    
    +--+------------------------------+------+---------+---------+
       Grand Total:                   64     192       512    


GLOBAL SYMBOLS: SORTED ALPHABETICALLY BY Name 

address   name                    
-------   ----                    
000000f1  ADC0_IRQHandler         
000000f1  ADC1_IRQHandler         
000000f1  AES_IRQHandler          
000000f4  C$$EXIT                 
000000f1  CANFD0_IRQHandler       
000000f1  DAC0_IRQHandler         
000000f1  DMA_IRQHandler          
000000f1  Default_Handler         
000000f1  GROUP0_IRQHandler       
000000f1  GROUP1_IRQHandler       
000000f5  HOSTexit                
000000f1  HardFault_Handler       
000000f1  I2C0_IRQHandler         
000000f1  I2C1_IRQHandler         
000000f1  NMI_Handler             
000000f1  PendSV_Handler          
000000f1  RTC_IRQHandler          
000000f9  Reset_Handler           
000000f1  SPI0_IRQHandler         
000000f1  SPI1_IRQHandler         
000000f1  SVC_Handler             
000000f1  SysTick_Handler         
000000f1  TIMA0_IRQHandler        
000000f1  TIMA1_IRQHandler        
000000f1  TIMG0_IRQHandler        
000000f1  TIMG12_IRQHandler       
000000f1  TIMG6_IRQHandler        
000000f1  TIMG7_IRQHandler        
000000f1  TIMG8_IRQHandler        
000000f1  UART0_IRQHandler        
000000f1  UART1_IRQHandler        
000000f1  UART2_IRQHandler        
000000f1  UART3_IRQHandler        
20208000  __STACK_END             
00000200  __STACK_SIZE            
00000000  __TI_ATRegion0_region_sz
00000000  __TI_ATRegion0_src_addr 
00000000  __TI_ATRegion0_trg_addr 
00000000  __TI_ATRegion1_region_sz
00000000  __TI_ATRegion1_src_addr 
00000000  __TI_ATRegion1_trg_addr 
00000000  __TI_ATRegion2_region_sz
00000000  __TI_ATRegion2_src_addr 
00000000  __TI_ATRegion2_trg_addr 
00000000  __TI_CINIT_Base         
00000000  __TI_CINIT_Limit        
00000000  __TI_CINIT_Warm         
ffffffff  __TI_pprof_out_hndl     
ffffffff  __TI_prof_data_size     
ffffffff  __TI_prof_data_start    
00000000  __TI_static_base__      
ffffffff  __binit__               
UNDEFED   __mpu_init              
20207e00  __stack                 
20200000  __start___llvm_prf_bits 
20200000  __start___llvm_prf_cnts 
20200000  __stop___llvm_prf_bits  
20200000  __stop___llvm_prf_cnts  
000000c1  _c_int00_noinit_noargs  
000000fd  _system_pre_init        
000000eb  abort                   
ffffffff  binit                   
00000000  interruptVectors        
000000e1  main                    


GLOBAL SYMBOLS: SORTED BY Symbol Address 

address   name                    
-------   ----                    
00000000  __TI_ATRegion0_region_sz
00000000  __TI_ATRegion0_src_addr 
00000000  __TI_ATRegion0_trg_addr 
00000000  __TI_ATRegion1_region_sz
00000000  __TI_ATRegion1_src_addr 
00000000  __TI_ATRegion1_trg_addr 
00000000  __TI_ATRegion2_region_sz
00000000  __TI_ATRegion2_src_addr 
00000000  __TI_ATRegion2_trg_addr 
00000000  __TI_CINIT_Base         
00000000  __TI_CINIT_Limit        
00000000  __TI_CINIT_Warm         
00000000  __TI_static_base__      
00000000  interruptVectors        
000000c1  _c_int00_noinit_noargs  
000000e1  main                    
000000eb  abort                   
000000f1  ADC0_IRQHandler         
000000f1  ADC1_IRQHandler         
000000f1  AES_IRQHandler          
000000f1  CANFD0_IRQHandler       
000000f1  DAC0_IRQHandler         
000000f1  DMA_IRQHandler          
000000f1  Default_Handler         
000000f1  GROUP0_IRQHandler       
000000f1  GROUP1_IRQHandler       
000000f1  HardFault_Handler       
000000f1  I2C0_IRQHandler         
000000f1  I2C1_IRQHandler         
000000f1  NMI_Handler             
000000f1  PendSV_Handler          
000000f1  RTC_IRQHandler          
000000f1  SPI0_IRQHandler         
000000f1  SPI1_IRQHandler         
000000f1  SVC_Handler             
000000f1  SysTick_Handler         
000000f1  TIMA0_IRQHandler        
000000f1  TIMA1_IRQHandler        
000000f1  TIMG0_IRQHandler        
000000f1  TIMG12_IRQHandler       
000000f1  TIMG6_IRQHandler        
000000f1  TIMG7_IRQHandler        
000000f1  TIMG8_IRQHandler        
000000f1  UART0_IRQHandler        
000000f1  UART1_IRQHandler        
000000f1  UART2_IRQHandler        
000000f1  UART3_IRQHandler        
000000f4  C$$EXIT                 
000000f5  HOSTexit                
000000f9  Reset_Handler           
000000fd  _system_pre_init        
00000200  __STACK_SIZE            
20200000  __start___llvm_prf_bits 
20200000  __start___llvm_prf_cnts 
20200000  __stop___llvm_prf_bits  
20200000  __stop___llvm_prf_cnts  
20207e00  __stack                 
20208000  __STACK_END             
ffffffff  __TI_pprof_out_hndl     
ffffffff  __TI_prof_data_size     
ffffffff  __TI_prof_data_start    
ffffffff  __binit__               
ffffffff  binit                   
UNDEFED   __mpu_init              

[64 symbols]
